../Core/Src/main.c:98:5:main	8	static
../Core/Src/main.c:154:6:SystemClock_Config	88	static
../Core/Src/main.c:201:13:MX_LPUART1_UART_Init	8	static
../Core/Src/main.c:248:13:MX_SPI3_Init	8	static
../Core/Src/main.c:288:13:MX_TIM1_Init	40	static
../Core/Src/main.c:335:13:MX_TIM2_Init	40	static
../Core/Src/main.c:380:13:MX_TIM3_Init	40	static
../Core/Src/main.c:425:13:MX_GPIO_Init	48	static
../Core/Src/main.c:482:6:IODIRB_Setup	8	static
../Core/Src/main.c:491:6:SPITxRx_readIO	8	static
../Core/Src/main.c:562:6:Game	8	static
../Core/Src/main.c:801:6:HAL_TIM_PeriodElapsedCallback	16	static
../Core/Src/main.c:813:6:HAL_SPI_TxRxCpltCallback	16	static
../Core/Src/main.c:829:6:Error_Handler	4	static,ignoring_inline_asm
